// Jest Snapshot v1, https://goo.gl/fbAQLP

exports[`Nav matches the snapshot 1`] = `
ShallowWrapper {
  Symbol(enzyme.__root__): [Circular],
  Symbol(enzyme.__unrendered__): <Nav
    handlePeopleClick={[MockFunction]}
    showPeople={[MockFunction]}
    showPlanet={[MockFunction]}
    showVehicle={[MockFunction]}
    toggleCategoryState={[MockFunction]}
  />,
  Symbol(enzyme.__renderer__): Object {
    "batchedUpdates": [Function],
    "getNode": [Function],
    "render": [Function],
    "simulateError": [Function],
    "simulateEvent": [Function],
    "unmount": [Function],
  },
  Symbol(enzyme.__node__): Object {
    "instance": null,
    "key": undefined,
    "nodeType": "host",
    "props": Object {
      "children": Array [
        <button
          className="cat-button people-button 
		      	cat-button-inactive"
          name="people"
          onClick={[Function]}
        >
          <NavLink
            activeClassName="active"
            aria-current="page"
            className="nav"
            to="/people"
          >
            People
          </NavLink>
        </button>,
        <button
          className="cat-button planets-button 
		      	cat-button-inactive"
          name="planets"
          onClick={[Function]}
        >
          <NavLink
            activeClassName="active"
            aria-current="page"
            className="nav"
            to="/planets"
          >
            Planets
          </NavLink>
        </button>,
        <button
          className="cat-button vehicles-button 
		      	cat-button-inactive"
          name="vehicles"
          onClick={[Function]}
        >
          <NavLink
            activeClassName="active"
            aria-current="page"
            className="nav"
            to="/vehicles"
          >
            Vehicles
          </NavLink>
        </button>,
        <FavoriteButton
          className="FavoriteButton"
          favoritesSelected={false}
          handleFavoritesClick={[Function]}
        />,
      ],
      "className": "Nav",
    },
    "ref": null,
    "rendered": Array [
      Object {
        "instance": null,
        "key": undefined,
        "nodeType": "host",
        "props": Object {
          "children": <NavLink
            activeClassName="active"
            aria-current="page"
            className="nav"
            to="/people"
          >
            People
          </NavLink>,
          "className": "cat-button people-button 
		      	cat-button-inactive",
          "name": "people",
          "onClick": [Function],
        },
        "ref": null,
        "rendered": Object {
          "instance": null,
          "key": undefined,
          "nodeType": "function",
          "props": Object {
            "activeClassName": "active",
            "aria-current": "page",
            "children": "People",
            "className": "nav",
            "to": "/people",
          },
          "ref": null,
          "rendered": "People",
          "type": [Function],
        },
        "type": "button",
      },
      Object {
        "instance": null,
        "key": undefined,
        "nodeType": "host",
        "props": Object {
          "children": <NavLink
            activeClassName="active"
            aria-current="page"
            className="nav"
            to="/planets"
          >
            Planets
          </NavLink>,
          "className": "cat-button planets-button 
		      	cat-button-inactive",
          "name": "planets",
          "onClick": [Function],
        },
        "ref": null,
        "rendered": Object {
          "instance": null,
          "key": undefined,
          "nodeType": "function",
          "props": Object {
            "activeClassName": "active",
            "aria-current": "page",
            "children": "Planets",
            "className": "nav",
            "to": "/planets",
          },
          "ref": null,
          "rendered": "Planets",
          "type": [Function],
        },
        "type": "button",
      },
      Object {
        "instance": null,
        "key": undefined,
        "nodeType": "host",
        "props": Object {
          "children": <NavLink
            activeClassName="active"
            aria-current="page"
            className="nav"
            to="/vehicles"
          >
            Vehicles
          </NavLink>,
          "className": "cat-button vehicles-button 
		      	cat-button-inactive",
          "name": "vehicles",
          "onClick": [Function],
        },
        "ref": null,
        "rendered": Object {
          "instance": null,
          "key": undefined,
          "nodeType": "function",
          "props": Object {
            "activeClassName": "active",
            "aria-current": "page",
            "children": "Vehicles",
            "className": "nav",
            "to": "/vehicles",
          },
          "ref": null,
          "rendered": "Vehicles",
          "type": [Function],
        },
        "type": "button",
      },
      Object {
        "instance": null,
        "key": undefined,
        "nodeType": "function",
        "props": Object {
          "className": "FavoriteButton",
          "favorites": undefined,
          "favoritesSelected": false,
          "handleFavoritesClick": [Function],
        },
        "ref": null,
        "rendered": null,
        "type": [Function],
      },
    ],
    "type": "div",
  },
  Symbol(enzyme.__nodes__): Array [
    Object {
      "instance": null,
      "key": undefined,
      "nodeType": "host",
      "props": Object {
        "children": Array [
          <button
            className="cat-button people-button 
		      	cat-button-inactive"
            name="people"
            onClick={[Function]}
          >
            <NavLink
              activeClassName="active"
              aria-current="page"
              className="nav"
              to="/people"
            >
              People
            </NavLink>
          </button>,
          <button
            className="cat-button planets-button 
		      	cat-button-inactive"
            name="planets"
            onClick={[Function]}
          >
            <NavLink
              activeClassName="active"
              aria-current="page"
              className="nav"
              to="/planets"
            >
              Planets
            </NavLink>
          </button>,
          <button
            className="cat-button vehicles-button 
		      	cat-button-inactive"
            name="vehicles"
            onClick={[Function]}
          >
            <NavLink
              activeClassName="active"
              aria-current="page"
              className="nav"
              to="/vehicles"
            >
              Vehicles
            </NavLink>
          </button>,
          <FavoriteButton
            className="FavoriteButton"
            favoritesSelected={false}
            handleFavoritesClick={[Function]}
          />,
        ],
        "className": "Nav",
      },
      "ref": null,
      "rendered": Array [
        Object {
          "instance": null,
          "key": undefined,
          "nodeType": "host",
          "props": Object {
            "children": <NavLink
              activeClassName="active"
              aria-current="page"
              className="nav"
              to="/people"
            >
              People
            </NavLink>,
            "className": "cat-button people-button 
		      	cat-button-inactive",
            "name": "people",
            "onClick": [Function],
          },
          "ref": null,
          "rendered": Object {
            "instance": null,
            "key": undefined,
            "nodeType": "function",
            "props": Object {
              "activeClassName": "active",
              "aria-current": "page",
              "children": "People",
              "className": "nav",
              "to": "/people",
            },
            "ref": null,
            "rendered": "People",
            "type": [Function],
          },
          "type": "button",
        },
        Object {
          "instance": null,
          "key": undefined,
          "nodeType": "host",
          "props": Object {
            "children": <NavLink
              activeClassName="active"
              aria-current="page"
              className="nav"
              to="/planets"
            >
              Planets
            </NavLink>,
            "className": "cat-button planets-button 
		      	cat-button-inactive",
            "name": "planets",
            "onClick": [Function],
          },
          "ref": null,
          "rendered": Object {
            "instance": null,
            "key": undefined,
            "nodeType": "function",
            "props": Object {
              "activeClassName": "active",
              "aria-current": "page",
              "children": "Planets",
              "className": "nav",
              "to": "/planets",
            },
            "ref": null,
            "rendered": "Planets",
            "type": [Function],
          },
          "type": "button",
        },
        Object {
          "instance": null,
          "key": undefined,
          "nodeType": "host",
          "props": Object {
            "children": <NavLink
              activeClassName="active"
              aria-current="page"
              className="nav"
              to="/vehicles"
            >
              Vehicles
            </NavLink>,
            "className": "cat-button vehicles-button 
		      	cat-button-inactive",
            "name": "vehicles",
            "onClick": [Function],
          },
          "ref": null,
          "rendered": Object {
            "instance": null,
            "key": undefined,
            "nodeType": "function",
            "props": Object {
              "activeClassName": "active",
              "aria-current": "page",
              "children": "Vehicles",
              "className": "nav",
              "to": "/vehicles",
            },
            "ref": null,
            "rendered": "Vehicles",
            "type": [Function],
          },
          "type": "button",
        },
        Object {
          "instance": null,
          "key": undefined,
          "nodeType": "function",
          "props": Object {
            "className": "FavoriteButton",
            "favorites": undefined,
            "favoritesSelected": false,
            "handleFavoritesClick": [Function],
          },
          "ref": null,
          "rendered": null,
          "type": [Function],
        },
      ],
      "type": "div",
    },
  ],
  Symbol(enzyme.__options__): Object {
    "adapter": ReactSixteenAdapter {
      "options": Object {
        "enableComponentDidUpdateOnSetState": true,
        "lifecycles": Object {
          "componentDidUpdate": Object {
            "onSetState": true,
          },
          "getDerivedStateFromProps": true,
          "getSnapshotBeforeUpdate": true,
          "setState": Object {
            "skipsComponentDidUpdateOnNullish": true,
          },
        },
      },
    },
  },
}
`;
