// Jest Snapshot v1, https://goo.gl/fbAQLP

exports[`CardContainer component matches the snapshot 1`] = `
ShallowWrapper {
  Symbol(enzyme.__root__): [Circular],
  Symbol(enzyme.__unrendered__): <CardContainer
    entries={
      Array [
        Object {
          "id": "Sand Cralwer",
          "isFavorite": false,
          "name": "Sand Cralwer",
          "properties": Array [
            Object {
              "header": "Model: ",
              "text": "Digger Crawler",
            },
            Object {
              "header": "Class: ",
              "text": "wheeled",
            },
            Object {
              "header": "Passengers: ",
              "text": "1",
            },
          ],
          "type": "vehicles",
        },
      ]
    }
  />,
  Symbol(enzyme.__renderer__): Object {
    "batchedUpdates": [Function],
    "getNode": [Function],
    "render": [Function],
    "simulateError": [Function],
    "simulateEvent": [Function],
    "unmount": [Function],
  },
  Symbol(enzyme.__node__): Object {
    "instance": null,
    "key": undefined,
    "nodeType": "host",
    "props": Object {
      "children": Array [
        <Card
          entry={
            Object {
              "id": "Sand Cralwer",
              "isFavorite": false,
              "name": "Sand Cralwer",
              "properties": Array [
                Object {
                  "header": "Model: ",
                  "text": "Digger Crawler",
                },
                Object {
                  "header": "Class: ",
                  "text": "wheeled",
                },
                Object {
                  "header": "Passengers: ",
                  "text": "1",
                },
              ],
              "type": "vehicles",
            }
          }
          isFavorite={false}
        />,
      ],
      "className": "CardContainer",
    },
    "ref": null,
    "rendered": Array [
      Object {
        "instance": null,
        "key": "Sand Cralwer",
        "nodeType": "function",
        "props": Object {
          "entry": Object {
            "id": "Sand Cralwer",
            "isFavorite": false,
            "name": "Sand Cralwer",
            "properties": Array [
              Object {
                "header": "Model: ",
                "text": "Digger Crawler",
              },
              Object {
                "header": "Class: ",
                "text": "wheeled",
              },
              Object {
                "header": "Passengers: ",
                "text": "1",
              },
            ],
            "type": "vehicles",
          },
          "favorites": undefined,
          "isFavorite": false,
          "toggleFavorites": undefined,
        },
        "ref": null,
        "rendered": null,
        "type": [Function],
      },
    ],
    "type": "div",
  },
  Symbol(enzyme.__nodes__): Array [
    Object {
      "instance": null,
      "key": undefined,
      "nodeType": "host",
      "props": Object {
        "children": Array [
          <Card
            entry={
              Object {
                "id": "Sand Cralwer",
                "isFavorite": false,
                "name": "Sand Cralwer",
                "properties": Array [
                  Object {
                    "header": "Model: ",
                    "text": "Digger Crawler",
                  },
                  Object {
                    "header": "Class: ",
                    "text": "wheeled",
                  },
                  Object {
                    "header": "Passengers: ",
                    "text": "1",
                  },
                ],
                "type": "vehicles",
              }
            }
            isFavorite={false}
          />,
        ],
        "className": "CardContainer",
      },
      "ref": null,
      "rendered": Array [
        Object {
          "instance": null,
          "key": "Sand Cralwer",
          "nodeType": "function",
          "props": Object {
            "entry": Object {
              "id": "Sand Cralwer",
              "isFavorite": false,
              "name": "Sand Cralwer",
              "properties": Array [
                Object {
                  "header": "Model: ",
                  "text": "Digger Crawler",
                },
                Object {
                  "header": "Class: ",
                  "text": "wheeled",
                },
                Object {
                  "header": "Passengers: ",
                  "text": "1",
                },
              ],
              "type": "vehicles",
            },
            "favorites": undefined,
            "isFavorite": false,
            "toggleFavorites": undefined,
          },
          "ref": null,
          "rendered": null,
          "type": [Function],
        },
      ],
      "type": "div",
    },
  ],
  Symbol(enzyme.__options__): Object {
    "adapter": ReactSixteenAdapter {
      "options": Object {
        "enableComponentDidUpdateOnSetState": true,
        "lifecycles": Object {
          "componentDidUpdate": Object {
            "onSetState": true,
          },
          "getDerivedStateFromProps": true,
          "getSnapshotBeforeUpdate": true,
          "setState": Object {
            "skipsComponentDidUpdateOnNullish": true,
          },
        },
      },
    },
  },
}
`;
