// Jest Snapshot v1, https://goo.gl/fbAQLP

exports[`Sidebar matches the snapshot 1`] = `
ShallowWrapper {
  Symbol(enzyme.__root__): [Circular],
  Symbol(enzyme.__unrendered__): <Sidebar
    films={
      Object {
        "episode_id": 3,
        "opening_crawl": "Oh hayyyyy...",
        "title": "Revenge of the Sith",
      }
    }
  />,
  Symbol(enzyme.__renderer__): Object {
    "batchedUpdates": [Function],
    "getNode": [Function],
    "render": [Function],
    "simulateError": [Function],
    "simulateEvent": [Function],
    "unmount": [Function],
  },
  Symbol(enzyme.__node__): Object {
    "instance": null,
    "key": undefined,
    "nodeType": "host",
    "props": Object {
      "children": <div
        className="star-wars"
      >
        <div
          className="crawl"
        >
          <div
            className="title"
          >
            <p>
              Episode 
              IV
            </p>
            <h1
              className="film-title"
            >
              Revenge of the Sith
            </h1>
            <p>
              Released:  
            </p>
          </div>
          <p>
            Oh hayyyyy...
          </p>
        </div>
      </div>,
      "className": "Sidebar fade",
    },
    "ref": null,
    "rendered": Object {
      "instance": null,
      "key": undefined,
      "nodeType": "host",
      "props": Object {
        "children": <div
          className="crawl"
        >
          <div
            className="title"
          >
            <p>
              Episode 
              IV
            </p>
            <h1
              className="film-title"
            >
              Revenge of the Sith
            </h1>
            <p>
              Released:  
            </p>
          </div>
          <p>
            Oh hayyyyy...
          </p>
        </div>,
        "className": "star-wars",
      },
      "ref": null,
      "rendered": Object {
        "instance": null,
        "key": undefined,
        "nodeType": "host",
        "props": Object {
          "children": Array [
            <div
              className="title"
            >
              <p>
                Episode 
                IV
              </p>
              <h1
                className="film-title"
              >
                Revenge of the Sith
              </h1>
              <p>
                Released:  
              </p>
            </div>,
            <p>
              Oh hayyyyy...
            </p>,
          ],
          "className": "crawl",
        },
        "ref": null,
        "rendered": Array [
          Object {
            "instance": null,
            "key": undefined,
            "nodeType": "host",
            "props": Object {
              "children": Array [
                <p>
                  Episode 
                  IV
                </p>,
                <h1
                  className="film-title"
                >
                  Revenge of the Sith
                </h1>,
                <p>
                  Released:  
                </p>,
              ],
              "className": "title",
            },
            "ref": null,
            "rendered": Array [
              Object {
                "instance": null,
                "key": undefined,
                "nodeType": "host",
                "props": Object {
                  "children": Array [
                    "Episode ",
                    "IV",
                  ],
                },
                "ref": null,
                "rendered": Array [
                  "Episode ",
                  "IV",
                ],
                "type": "p",
              },
              Object {
                "instance": null,
                "key": undefined,
                "nodeType": "host",
                "props": Object {
                  "children": "Revenge of the Sith",
                  "className": "film-title",
                },
                "ref": null,
                "rendered": "Revenge of the Sith",
                "type": "h1",
              },
              Object {
                "instance": null,
                "key": undefined,
                "nodeType": "host",
                "props": Object {
                  "children": Array [
                    "Released:  ",
                    undefined,
                  ],
                },
                "ref": null,
                "rendered": Array [
                  "Released:  ",
                  undefined,
                ],
                "type": "p",
              },
            ],
            "type": "div",
          },
          Object {
            "instance": null,
            "key": undefined,
            "nodeType": "host",
            "props": Object {
              "children": "Oh hayyyyy...",
            },
            "ref": null,
            "rendered": "Oh hayyyyy...",
            "type": "p",
          },
        ],
        "type": "div",
      },
      "type": "div",
    },
    "type": "div",
  },
  Symbol(enzyme.__nodes__): Array [
    Object {
      "instance": null,
      "key": undefined,
      "nodeType": "host",
      "props": Object {
        "children": <div
          className="star-wars"
        >
          <div
            className="crawl"
          >
            <div
              className="title"
            >
              <p>
                Episode 
                IV
              </p>
              <h1
                className="film-title"
              >
                Revenge of the Sith
              </h1>
              <p>
                Released:  
              </p>
            </div>
            <p>
              Oh hayyyyy...
            </p>
          </div>
        </div>,
        "className": "Sidebar fade",
      },
      "ref": null,
      "rendered": Object {
        "instance": null,
        "key": undefined,
        "nodeType": "host",
        "props": Object {
          "children": <div
            className="crawl"
          >
            <div
              className="title"
            >
              <p>
                Episode 
                IV
              </p>
              <h1
                className="film-title"
              >
                Revenge of the Sith
              </h1>
              <p>
                Released:  
              </p>
            </div>
            <p>
              Oh hayyyyy...
            </p>
          </div>,
          "className": "star-wars",
        },
        "ref": null,
        "rendered": Object {
          "instance": null,
          "key": undefined,
          "nodeType": "host",
          "props": Object {
            "children": Array [
              <div
                className="title"
              >
                <p>
                  Episode 
                  IV
                </p>
                <h1
                  className="film-title"
                >
                  Revenge of the Sith
                </h1>
                <p>
                  Released:  
                </p>
              </div>,
              <p>
                Oh hayyyyy...
              </p>,
            ],
            "className": "crawl",
          },
          "ref": null,
          "rendered": Array [
            Object {
              "instance": null,
              "key": undefined,
              "nodeType": "host",
              "props": Object {
                "children": Array [
                  <p>
                    Episode 
                    IV
                  </p>,
                  <h1
                    className="film-title"
                  >
                    Revenge of the Sith
                  </h1>,
                  <p>
                    Released:  
                  </p>,
                ],
                "className": "title",
              },
              "ref": null,
              "rendered": Array [
                Object {
                  "instance": null,
                  "key": undefined,
                  "nodeType": "host",
                  "props": Object {
                    "children": Array [
                      "Episode ",
                      "IV",
                    ],
                  },
                  "ref": null,
                  "rendered": Array [
                    "Episode ",
                    "IV",
                  ],
                  "type": "p",
                },
                Object {
                  "instance": null,
                  "key": undefined,
                  "nodeType": "host",
                  "props": Object {
                    "children": "Revenge of the Sith",
                    "className": "film-title",
                  },
                  "ref": null,
                  "rendered": "Revenge of the Sith",
                  "type": "h1",
                },
                Object {
                  "instance": null,
                  "key": undefined,
                  "nodeType": "host",
                  "props": Object {
                    "children": Array [
                      "Released:  ",
                      undefined,
                    ],
                  },
                  "ref": null,
                  "rendered": Array [
                    "Released:  ",
                    undefined,
                  ],
                  "type": "p",
                },
              ],
              "type": "div",
            },
            Object {
              "instance": null,
              "key": undefined,
              "nodeType": "host",
              "props": Object {
                "children": "Oh hayyyyy...",
              },
              "ref": null,
              "rendered": "Oh hayyyyy...",
              "type": "p",
            },
          ],
          "type": "div",
        },
        "type": "div",
      },
      "type": "div",
    },
  ],
  Symbol(enzyme.__options__): Object {
    "adapter": ReactSixteenAdapter {
      "options": Object {
        "enableComponentDidUpdateOnSetState": true,
        "lifecycles": Object {
          "componentDidUpdate": Object {
            "onSetState": true,
          },
          "getDerivedStateFromProps": true,
          "getSnapshotBeforeUpdate": true,
          "setState": Object {
            "skipsComponentDidUpdateOnNullish": true,
          },
        },
      },
    },
  },
}
`;
