// Jest Snapshot v1, https://goo.gl/fbAQLP

exports[`FavoriteButton matches the snapshot 1`] = `
ShallowWrapper {
  Symbol(enzyme.__root__): [Circular],
  Symbol(enzyme.__unrendered__): <FavoriteButton
    favoritesCount={
      Array [
        Array [],
      ]
    }
  />,
  Symbol(enzyme.__renderer__): Object {
    "batchedUpdates": [Function],
    "getNode": [Function],
    "render": [Function],
    "simulateError": [Function],
    "simulateEvent": [Function],
    "unmount": [Function],
  },
  Symbol(enzyme.__node__): Object {
    "instance": null,
    "key": undefined,
    "nodeType": "host",
    "props": Object {
      "children": <button
        className="cat-button favorites-button 
            cat-button-inactive"
        name="favorites"
        onClick={[Function]}
      >
        <NavLink
          activeClassName="active"
          aria-current="page"
          className="nav"
          to="/favorites"
        >
          Favorites
        </NavLink>
        <span
          className="favorites-count"
        >
          0
        </span>
      </button>,
      "className": "FavoriteButton",
    },
    "ref": null,
    "rendered": Object {
      "instance": null,
      "key": undefined,
      "nodeType": "host",
      "props": Object {
        "children": Array [
          <NavLink
            activeClassName="active"
            aria-current="page"
            className="nav"
            to="/favorites"
          >
            Favorites
          </NavLink>,
          <span
            className="favorites-count"
          >
            0
          </span>,
        ],
        "className": "cat-button favorites-button 
            cat-button-inactive",
        "name": "favorites",
        "onClick": [Function],
      },
      "ref": null,
      "rendered": Array [
        Object {
          "instance": null,
          "key": undefined,
          "nodeType": "function",
          "props": Object {
            "activeClassName": "active",
            "aria-current": "page",
            "children": "Favorites",
            "className": "nav",
            "to": "/favorites",
          },
          "ref": null,
          "rendered": "Favorites",
          "type": [Function],
        },
        Object {
          "instance": null,
          "key": undefined,
          "nodeType": "host",
          "props": Object {
            "children": 0,
            "className": "favorites-count",
          },
          "ref": null,
          "rendered": 0,
          "type": "span",
        },
      ],
      "type": "button",
    },
    "type": "div",
  },
  Symbol(enzyme.__nodes__): Array [
    Object {
      "instance": null,
      "key": undefined,
      "nodeType": "host",
      "props": Object {
        "children": <button
          className="cat-button favorites-button 
            cat-button-inactive"
          name="favorites"
          onClick={[Function]}
        >
          <NavLink
            activeClassName="active"
            aria-current="page"
            className="nav"
            to="/favorites"
          >
            Favorites
          </NavLink>
          <span
            className="favorites-count"
          >
            0
          </span>
        </button>,
        "className": "FavoriteButton",
      },
      "ref": null,
      "rendered": Object {
        "instance": null,
        "key": undefined,
        "nodeType": "host",
        "props": Object {
          "children": Array [
            <NavLink
              activeClassName="active"
              aria-current="page"
              className="nav"
              to="/favorites"
            >
              Favorites
            </NavLink>,
            <span
              className="favorites-count"
            >
              0
            </span>,
          ],
          "className": "cat-button favorites-button 
            cat-button-inactive",
          "name": "favorites",
          "onClick": [Function],
        },
        "ref": null,
        "rendered": Array [
          Object {
            "instance": null,
            "key": undefined,
            "nodeType": "function",
            "props": Object {
              "activeClassName": "active",
              "aria-current": "page",
              "children": "Favorites",
              "className": "nav",
              "to": "/favorites",
            },
            "ref": null,
            "rendered": "Favorites",
            "type": [Function],
          },
          Object {
            "instance": null,
            "key": undefined,
            "nodeType": "host",
            "props": Object {
              "children": 0,
              "className": "favorites-count",
            },
            "ref": null,
            "rendered": 0,
            "type": "span",
          },
        ],
        "type": "button",
      },
      "type": "div",
    },
  ],
  Symbol(enzyme.__options__): Object {
    "adapter": ReactSixteenAdapter {
      "options": Object {
        "enableComponentDidUpdateOnSetState": true,
        "lifecycles": Object {
          "componentDidUpdate": Object {
            "onSetState": true,
          },
          "getDerivedStateFromProps": true,
          "getSnapshotBeforeUpdate": true,
          "setState": Object {
            "skipsComponentDidUpdateOnNullish": true,
          },
        },
      },
    },
  },
}
`;
